{
  "version": "1.5.0",
  "plugins_used": [
    {
      "name": "ArtifactoryDetector"
    },
    {
      "name": "AWSKeyDetector"
    },
    {
      "name": "AzureStorageKeyDetector"
    },
    {
      "name": "Base64HighEntropyString",
      "limit": 4.5
    },
    {
      "name": "BasicAuthDetector"
    },
    {
      "name": "CloudantDetector"
    },
    {
      "name": "DiscordBotTokenDetector"
    },
    {
      "name": "GitHubTokenDetector"
    },
    {
      "name": "GitLabTokenDetector"
    },
    {
      "name": "HexHighEntropyString",
      "limit": 3.0
    },
    {
      "name": "IbmCloudIamDetector"
    },
    {
      "name": "IbmCosHmacDetector"
    },
    {
      "name": "IPPublicDetector"
    },
    {
      "name": "JwtTokenDetector"
    },
    {
      "name": "KeywordDetector",
      "keyword_exclude": ""
    },
    {
      "name": "MailchimpDetector"
    },
    {
      "name": "NpmDetector"
    },
    {
      "name": "OpenAIDetector"
    },
    {
      "name": "PrivateKeyDetector"
    },
    {
      "name": "PypiTokenDetector"
    },
    {
      "name": "SendGridDetector"
    },
    {
      "name": "SlackDetector"
    },
    {
      "name": "SoftlayerDetector"
    },
    {
      "name": "SquareOAuthDetector"
    },
    {
      "name": "StripeDetector"
    },
    {
      "name": "TelegramBotTokenDetector"
    },
    {
      "name": "TwilioKeyDetector"
    }
  ],
  "filters_used": [
    {
      "path": "detect_secrets.filters.allowlist.is_line_allowlisted"
    },
    {
      "path": "detect_secrets.filters.common.is_baseline_file",
      "filename": ".secrets.baseline"
    },
    {
      "path": "detect_secrets.filters.common.is_ignored_due_to_verification_policies",
      "min_level": 2
    },
    {
      "path": "detect_secrets.filters.heuristic.is_indirect_reference"
    },
    {
      "path": "detect_secrets.filters.heuristic.is_likely_id_string"
    },
    {
      "path": "detect_secrets.filters.heuristic.is_lock_file"
    },
    {
      "path": "detect_secrets.filters.heuristic.is_not_alphanumeric_string"
    },
    {
      "path": "detect_secrets.filters.heuristic.is_potential_uuid"
    },
    {
      "path": "detect_secrets.filters.heuristic.is_prefixed_with_dollar_sign"
    },
    {
      "path": "detect_secrets.filters.heuristic.is_sequential_string"
    },
    {
      "path": "detect_secrets.filters.heuristic.is_swagger_file"
    },
    {
      "path": "detect_secrets.filters.heuristic.is_templated_secret"
    },
    {
      "path": "detect_secrets.filters.regex.should_exclude_file",
      "pattern": [
        "(?x)^(\n  \\\\.secrets\\\\.baseline$|\n  \\\\.venv/|\n  \\\\.pixi/|\n  \\\\.cruncher/|\n  \\\\.tmp/|\n  dist/|\n  build/|\n  src/dnadesign/archived/|\n  src/dnadesign/prototypes/|\n  src/dnadesign/usr/datasets/|\n  src/dnadesign/opal/campaigns/.*/outputs/|\n  src/dnadesign/cruncher/workspaces/.*/\\\\.cruncher/|\n  src/dnadesign/cruncher/workspaces/.*/runs/|\n  src/dnadesign/cruncher/workspaces/.*/results/|\n  src/dnadesign/cruncher/workspaces/.*/outputs/|\n  src/dnadesign/densegen/workspaces/.*/inputs/motif_artifacts/\n)"
      ]
    }
  ],
  "results": {
    "src/dnadesign/baserender/tests/test_sequence_panel_layout.py": [
      {
        "type": "Hex High Entropy String",
        "filename": "src/dnadesign/baserender/tests/test_sequence_panel_layout.py",
        "hashed_secret": "fed7588fce6ac5e2df61427c9c3316fdaa93d145",
        "is_verified": false,
        "line_number": 39
      }
    ],
    "src/dnadesign/opal/tests/notebooks/test_notebook_template.py": [
      {
        "type": "Base64 High Entropy String",
        "filename": "src/dnadesign/opal/tests/notebooks/test_notebook_template.py",
        "hashed_secret": "71c89bdc763ce580638322b5a3119f484698bf4b",
        "is_verified": false,
        "line_number": 2888
      },
      {
        "type": "Base64 High Entropy String",
        "filename": "src/dnadesign/opal/tests/notebooks/test_notebook_template.py",
        "hashed_secret": "4137adb6e7d947f707c7ff7c44ca11d3586e3eb4",
        "is_verified": false,
        "line_number": 2889
      }
    ],
    "src/dnadesign/studies/units/stress_ethanol_cipro_growth/decision/opal/multistate_response_behavior/activation_audit.json": [
      {
        "type": "Hex High Entropy String",
        "filename": "src/dnadesign/studies/units/stress_ethanol_cipro_growth/decision/opal/multistate_response_behavior/activation_audit.json",
        "hashed_secret": "dcb64e089abb0623aff578622a9528c06a92ec4c",
        "is_verified": false,
        "line_number": 41
      },
      {
        "type": "Hex High Entropy String",
        "filename": "src/dnadesign/studies/units/stress_ethanol_cipro_growth/decision/opal/multistate_response_behavior/activation_audit.json",
        "hashed_secret": "26c717eca9977644bc9689dfcab3c8af4143a377",
        "is_verified": false,
        "line_number": 47
      },
      {
        "type": "Hex High Entropy String",
        "filename": "src/dnadesign/studies/units/stress_ethanol_cipro_growth/decision/opal/multistate_response_behavior/activation_audit.json",
        "hashed_secret": "8147fdc238111a8fcbbd48307bf78d772fa3f561",
        "is_verified": false,
        "line_number": 53
      },
      {
        "type": "Hex High Entropy String",
        "filename": "src/dnadesign/studies/units/stress_ethanol_cipro_growth/decision/opal/multistate_response_behavior/activation_audit.json",
        "hashed_secret": "676018a9fcb4676df8be70f31bdb24d72568134d",
        "is_verified": false,
        "line_number": 59
      },
      {
        "type": "Hex High Entropy String",
        "filename": "src/dnadesign/studies/units/stress_ethanol_cipro_growth/decision/opal/multistate_response_behavior/activation_audit.json",
        "hashed_secret": "cc42e9936f44af3f4ad47e9965d3fdeb415a8d94",
        "is_verified": false,
        "line_number": 178
      },
      {
        "type": "Hex High Entropy String",
        "filename": "src/dnadesign/studies/units/stress_ethanol_cipro_growth/decision/opal/multistate_response_behavior/activation_audit.json",
        "hashed_secret": "6d4517229d213b337081575816b0ce9f3c1085c4",
        "is_verified": false,
        "line_number": 183
      },
      {
        "type": "Hex High Entropy String",
        "filename": "src/dnadesign/studies/units/stress_ethanol_cipro_growth/decision/opal/multistate_response_behavior/activation_audit.json",
        "hashed_secret": "528ded8b27ed2794f5ae1d3bc8aeba76468457e8",
        "is_verified": false,
        "line_number": 188
      },
      {
        "type": "Hex High Entropy String",
        "filename": "src/dnadesign/studies/units/stress_ethanol_cipro_growth/decision/opal/multistate_response_behavior/activation_audit.json",
        "hashed_secret": "6ca3709f184edfb8be0922cf8053432190ad0bd8",
        "is_verified": false,
        "line_number": 193
      },
      {
        "type": "Hex High Entropy String",
        "filename": "src/dnadesign/studies/units/stress_ethanol_cipro_growth/decision/opal/multistate_response_behavior/activation_audit.json",
        "hashed_secret": "b1a667cb18914ea93120b4029238ad164ed1a9cf",
        "is_verified": false,
        "line_number": 198
      },
      {
        "type": "Hex High Entropy String",
        "filename": "src/dnadesign/studies/units/stress_ethanol_cipro_growth/decision/opal/multistate_response_behavior/activation_audit.json",
        "hashed_secret": "9834e4dcd88923daaa0d10cb52b907c74fbc2d39",
        "is_verified": false,
        "line_number": 203
      },
      {
        "type": "Hex High Entropy String",
        "filename": "src/dnadesign/studies/units/stress_ethanol_cipro_growth/decision/opal/multistate_response_behavior/activation_audit.json",
        "hashed_secret": "7d4d7ea73150f20c5cbe29ddd5aaedc604e2cef4",
        "is_verified": false,
        "line_number": 208
      },
      {
        "type": "Hex High Entropy String",
        "filename": "src/dnadesign/studies/units/stress_ethanol_cipro_growth/decision/opal/multistate_response_behavior/activation_audit.json",
        "hashed_secret": "c37027cd383bb6a72f1199cf84dd31498ec24272",
        "is_verified": false,
        "line_number": 213
      },
      {
        "type": "Hex High Entropy String",
        "filename": "src/dnadesign/studies/units/stress_ethanol_cipro_growth/decision/opal/multistate_response_behavior/activation_audit.json",
        "hashed_secret": "8aa415e33416815e0491743b4b875b900d4461b7",
        "is_verified": false,
        "line_number": 218
      },
      {
        "type": "Hex High Entropy String",
        "filename": "src/dnadesign/studies/units/stress_ethanol_cipro_growth/decision/opal/multistate_response_behavior/activation_audit.json",
        "hashed_secret": "362731ff1bae0d4e681c3494ed3db668085a5fb6",
        "is_verified": false,
        "line_number": 223
      },
      {
        "type": "Hex High Entropy String",
        "filename": "src/dnadesign/studies/units/stress_ethanol_cipro_growth/decision/opal/multistate_response_behavior/activation_audit.json",
        "hashed_secret": "73c81e87f70204aad9a86d8b5bdc92dbfe1548b4",
        "is_verified": false,
        "line_number": 228
      },
      {
        "type": "Hex High Entropy String",
        "filename": "src/dnadesign/studies/units/stress_ethanol_cipro_growth/decision/opal/multistate_response_behavior/activation_audit.json",
        "hashed_secret": "0aa1d5c5c0b8895dca6f90f836753e04aa9827a5",
        "is_verified": false,
        "line_number": 233
      },
      {
        "type": "Hex High Entropy String",
        "filename": "src/dnadesign/studies/units/stress_ethanol_cipro_growth/decision/opal/multistate_response_behavior/activation_audit.json",
        "hashed_secret": "83e2109b8794c80ea54357cc9abb0310c9a81343",
        "is_verified": false,
        "line_number": 238
      }
    ],
    "src/dnadesign/studies/units/stress_ethanol_cipro_growth/decision/opal/response_metastudy/config/multistate_response_behavior_adversarial_audit_v1.json": [
      {
        "type": "Hex High Entropy String",
        "filename": "src/dnadesign/studies/units/stress_ethanol_cipro_growth/decision/opal/response_metastudy/config/multistate_response_behavior_adversarial_audit_v1.json",
        "hashed_secret": "51e99fbf808bb0d9d5a253d64ac46d42d6a27d70",
        "is_verified": false,
        "line_number": 15
      }
    ],
    "src/dnadesign/studies/units/stress_ethanol_cipro_growth/response_window_observations/config/evidence/repeat_adjudication_4_8h_v1.json": [
      {
        "type": "Hex High Entropy String",
        "filename": "src/dnadesign/studies/units/stress_ethanol_cipro_growth/response_window_observations/config/evidence/repeat_adjudication_4_8h_v1.json",
        "hashed_secret": "e1c9352cd84a88782062a2184331fbc412ffb078",
        "is_verified": false,
        "line_number": 293
      }
    ],
    "src/dnadesign/usr/assets/demo_material/demo_attachment_one.csv": [
      {
        "type": "AWS Access Key",
        "filename": "src/dnadesign/usr/assets/demo_material/demo_attachment_one.csv",
        "hashed_secret": "cb8e15b0bf6182c17b0dc735aaa65d81b7ef35bc",
        "is_verified": false,
        "line_number": 2
      }
    ],
    "src/dnadesign/usr/assets/demo_material/demo_attachment_two.csv": [
      {
        "type": "AWS Access Key",
        "filename": "src/dnadesign/usr/assets/demo_material/demo_attachment_two.csv",
        "hashed_secret": "cb8e15b0bf6182c17b0dc735aaa65d81b7ef35bc",
        "is_verified": false,
        "line_number": 2
      }
    ],
    "src/dnadesign/usr/assets/demo_material/demo_sequences.csv": [
      {
        "type": "AWS Access Key",
        "filename": "src/dnadesign/usr/assets/demo_material/demo_sequences.csv",
        "hashed_secret": "cb8e15b0bf6182c17b0dc735aaa65d81b7ef35bc",
        "is_verified": false,
        "line_number": 2
      }
    ]
  },
  "generated_at": "2026-07-20T20:12:16Z"
}
