{
  "version": "1.5.0",
  "plugins_used": [
    {
      "name": "ArtifactoryDetector"
    },
    {
      "name": "AWSKeyDetector"
    },
    {
      "name": "AzureStorageKeyDetector"
    },
    {
      "name": "Base64HighEntropyString",
      "limit": 4.5
    },
    {
      "name": "BasicAuthDetector"
    },
    {
      "name": "CloudantDetector"
    },
    {
      "name": "DiscordBotTokenDetector"
    },
    {
      "name": "GitHubTokenDetector"
    },
    {
      "name": "GitLabTokenDetector"
    },
    {
      "name": "HexHighEntropyString",
      "limit": 3.0
    },
    {
      "name": "IbmCloudIamDetector"
    },
    {
      "name": "IbmCosHmacDetector"
    },
    {
      "name": "IPPublicDetector"
    },
    {
      "name": "JwtTokenDetector"
    },
    {
      "name": "KeywordDetector",
      "keyword_exclude": ""
    },
    {
      "name": "MailchimpDetector"
    },
    {
      "name": "NpmDetector"
    },
    {
      "name": "OpenAIDetector"
    },
    {
      "name": "PrivateKeyDetector"
    },
    {
      "name": "PypiTokenDetector"
    },
    {
      "name": "SendGridDetector"
    },
    {
      "name": "SlackDetector"
    },
    {
      "name": "SoftlayerDetector"
    },
    {
      "name": "SquareOAuthDetector"
    },
    {
      "name": "StripeDetector"
    },
    {
      "name": "TelegramBotTokenDetector"
    },
    {
      "name": "TwilioKeyDetector"
    }
  ],
  "filters_used": [
    {
      "path": "detect_secrets.filters.allowlist.is_line_allowlisted"
    },
    {
      "path": "detect_secrets.filters.common.is_baseline_file",
      "filename": ".secrets.baseline"
    },
    {
      "path": "detect_secrets.filters.common.is_ignored_due_to_verification_policies",
      "min_level": 2
    },
    {
      "path": "detect_secrets.filters.heuristic.is_indirect_reference"
    },
    {
      "path": "detect_secrets.filters.heuristic.is_likely_id_string"
    },
    {
      "path": "detect_secrets.filters.heuristic.is_lock_file"
    },
    {
      "path": "detect_secrets.filters.heuristic.is_not_alphanumeric_string"
    },
    {
      "path": "detect_secrets.filters.heuristic.is_potential_uuid"
    },
    {
      "path": "detect_secrets.filters.heuristic.is_prefixed_with_dollar_sign"
    },
    {
      "path": "detect_secrets.filters.heuristic.is_sequential_string"
    },
    {
      "path": "detect_secrets.filters.heuristic.is_swagger_file"
    },
    {
      "path": "detect_secrets.filters.heuristic.is_templated_secret"
    },
    {
      "path": "detect_secrets.filters.regex.should_exclude_file",
      "pattern": [
        "(?x)^(\n  \\\\.secrets\\\\.baseline$|\n  \\\\.venv/|\n  \\\\.pixi/|\n  \\\\.cruncher/|\n  \\\\.tmp/|\n  dist/|\n  build/|\n  src/dnadesign/archived/|\n  src/dnadesign/prototypes/|\n  src/dnadesign/usr/datasets/|\n  src/dnadesign/opal/campaigns/.*/outputs/|\n  src/dnadesign/cruncher/workspaces/.*/\\\\.cruncher/|\n  src/dnadesign/cruncher/workspaces/.*/runs/|\n  src/dnadesign/cruncher/workspaces/.*/results/|\n  src/dnadesign/cruncher/workspaces/.*/outputs/|\n  src/dnadesign/densegen/workspaces/.*/inputs/motif_artifacts/\n)"
      ]
    }
  ],
  "results": {
    "src/dnadesign/baserender/tests/test_sequence_panel_layout.py": [
      {
        "type": "Hex High Entropy String",
        "filename": "src/dnadesign/baserender/tests/test_sequence_panel_layout.py",
        "hashed_secret": "fed7588fce6ac5e2df61427c9c3316fdaa93d145",
        "is_verified": false,
        "line_number": 39
      }
    ],
    "src/dnadesign/opal/tests/notebooks/test_notebook_template.py": [
      {
        "type": "Base64 High Entropy String",
        "filename": "src/dnadesign/opal/tests/notebooks/test_notebook_template.py",
        "hashed_secret": "71c89bdc763ce580638322b5a3119f484698bf4b",
        "is_verified": false,
        "line_number": 2888
      },
      {
        "type": "Base64 High Entropy String",
        "filename": "src/dnadesign/opal/tests/notebooks/test_notebook_template.py",
        "hashed_secret": "4137adb6e7d947f707c7ff7c44ca11d3586e3eb4",
        "is_verified": false,
        "line_number": 2889
      }
    ],
    "src/dnadesign/studies/units/stress_ethanol_cipro_growth/decision/opal/multistate_response_behavior/activation_audit.json": [
      {
        "type": "Hex High Entropy String",
        "filename": "src/dnadesign/studies/units/stress_ethanol_cipro_growth/decision/opal/multistate_response_behavior/activation_audit.json",
        "hashed_secret": "dcb64e089abb0623aff578622a9528c06a92ec4c",
        "is_verified": false,
        "line_number": 41
      },
      {
        "type": "Hex High Entropy String",
        "filename": "src/dnadesign/studies/units/stress_ethanol_cipro_growth/decision/opal/multistate_response_behavior/activation_audit.json",
        "hashed_secret": "26c717eca9977644bc9689dfcab3c8af4143a377",
        "is_verified": false,
        "line_number": 47
      },
      {
        "type": "Hex High Entropy String",
        "filename": "src/dnadesign/studies/units/stress_ethanol_cipro_growth/decision/opal/multistate_response_behavior/activation_audit.json",
        "hashed_secret": "8147fdc238111a8fcbbd48307bf78d772fa3f561",
        "is_verified": false,
        "line_number": 53
      },
      {
        "type": "Hex High Entropy String",
        "filename": "src/dnadesign/studies/units/stress_ethanol_cipro_growth/decision/opal/multistate_response_behavior/activation_audit.json",
        "hashed_secret": "676018a9fcb4676df8be70f31bdb24d72568134d",
        "is_verified": false,
        "line_number": 59
      },
      {
        "type": "Hex High Entropy String",
        "filename": "src/dnadesign/studies/units/stress_ethanol_cipro_growth/decision/opal/multistate_response_behavior/activation_audit.json",
        "hashed_secret": "cc42e9936f44af3f4ad47e9965d3fdeb415a8d94",
        "is_verified": false,
        "line_number": 178
      },
      {
        "type": "Hex High Entropy String",
        "filename": "src/dnadesign/studies/units/stress_ethanol_cipro_growth/decision/opal/multistate_response_behavior/activation_audit.json",
        "hashed_secret": "6d4517229d213b337081575816b0ce9f3c1085c4",
        "is_verified": false,
        "line_number": 183
      },
      {
        "type": "Hex High Entropy String",
        "filename": "src/dnadesign/studies/units/stress_ethanol_cipro_growth/decision/opal/multistate_response_behavior/activation_audit.json",
        "hashed_secret": "9bc718a1cb96bdbb9cee2b34dd9ced33d5b28e40",
        "is_verified": false,
        "line_number": 188
      },
      {
        "type": "Hex High Entropy String",
        "filename": "src/dnadesign/studies/units/stress_ethanol_cipro_growth/decision/opal/multistate_response_behavior/activation_audit.json",
        "hashed_secret": "6ca3709f184edfb8be0922cf8053432190ad0bd8",
        "is_verified": false,
        "line_number": 193
      },
      {
        "type": "Hex High Entropy String",
        "filename": "src/dnadesign/studies/units/stress_ethanol_cipro_growth/decision/opal/multistate_response_behavior/activation_audit.json",
        "hashed_secret": "710eccc1505f28ad9743cd730b91c4fc43356c8e",
        "is_verified": false,
        "line_number": 198
      },
      {
        "type": "Hex High Entropy String",
        "filename": "src/dnadesign/studies/units/stress_ethanol_cipro_growth/decision/opal/multistate_response_behavior/activation_audit.json",
        "hashed_secret": "d9d6ac944833906eab03a83443dc0507963b898f",
        "is_verified": false,
        "line_number": 203
      },
      {
        "type": "Hex High Entropy String",
        "filename": "src/dnadesign/studies/units/stress_ethanol_cipro_growth/decision/opal/multistate_response_behavior/activation_audit.json",
        "hashed_secret": "b4e43a14e13fe17fc8b285dd86cb03f3c08272f1",
        "is_verified": false,
        "line_number": 208
      },
      {
        "type": "Hex High Entropy String",
        "filename": "src/dnadesign/studies/units/stress_ethanol_cipro_growth/decision/opal/multistate_response_behavior/activation_audit.json",
        "hashed_secret": "c37027cd383bb6a72f1199cf84dd31498ec24272",
        "is_verified": false,
        "line_number": 213
      },
      {
        "type": "Hex High Entropy String",
        "filename": "src/dnadesign/studies/units/stress_ethanol_cipro_growth/decision/opal/multistate_response_behavior/activation_audit.json",
        "hashed_secret": "8aa415e33416815e0491743b4b875b900d4461b7",
        "is_verified": false,
        "line_number": 218
      },
      {
        "type": "Hex High Entropy String",
        "filename": "src/dnadesign/studies/units/stress_ethanol_cipro_growth/decision/opal/multistate_response_behavior/activation_audit.json",
        "hashed_secret": "362731ff1bae0d4e681c3494ed3db668085a5fb6",
        "is_verified": false,
        "line_number": 223
      },
      {
        "type": "Hex High Entropy String",
        "filename": "src/dnadesign/studies/units/stress_ethanol_cipro_growth/decision/opal/multistate_response_behavior/activation_audit.json",
        "hashed_secret": "7fbc62ac23570fd84989a848e2f966daff00e55b",
        "is_verified": false,
        "line_number": 228
      },
      {
        "type": "Hex High Entropy String",
        "filename": "src/dnadesign/studies/units/stress_ethanol_cipro_growth/decision/opal/multistate_response_behavior/activation_audit.json",
        "hashed_secret": "0aa1d5c5c0b8895dca6f90f836753e04aa9827a5",
        "is_verified": false,
        "line_number": 233
      },
      {
        "type": "Hex High Entropy String",
        "filename": "src/dnadesign/studies/units/stress_ethanol_cipro_growth/decision/opal/multistate_response_behavior/activation_audit.json",
        "hashed_secret": "83e2109b8794c80ea54357cc9abb0310c9a81343",
        "is_verified": false,
        "line_number": 238
      }
    ],
    "src/dnadesign/studies/units/stress_ethanol_cipro_growth/decision/opal/multistate_response_behavior/evaluation_baseline.yaml": [
      {
        "type": "Hex High Entropy String",
        "filename": "src/dnadesign/studies/units/stress_ethanol_cipro_growth/decision/opal/multistate_response_behavior/evaluation_baseline.yaml",
        "hashed_secret": "8aa415e33416815e0491743b4b875b900d4461b7",
        "is_verified": false,
        "line_number": 15
      },
      {
        "type": "Hex High Entropy String",
        "filename": "src/dnadesign/studies/units/stress_ethanol_cipro_growth/decision/opal/multistate_response_behavior/evaluation_baseline.yaml",
        "hashed_secret": "56ada4d57bb84dd25575f0eab04aa3c86c814151",
        "is_verified": false,
        "line_number": 26
      },
      {
        "type": "Hex High Entropy String",
        "filename": "src/dnadesign/studies/units/stress_ethanol_cipro_growth/decision/opal/multistate_response_behavior/evaluation_baseline.yaml",
        "hashed_secret": "bb14d04c2c4b7269a5e8fb0613f715e164f5de5c",
        "is_verified": false,
        "line_number": 30
      },
      {
        "type": "Hex High Entropy String",
        "filename": "src/dnadesign/studies/units/stress_ethanol_cipro_growth/decision/opal/multistate_response_behavior/evaluation_baseline.yaml",
        "hashed_secret": "368cfa1cde4d3834d57cbce5b60295b0bbf528a2",
        "is_verified": false,
        "line_number": 34
      },
      {
        "type": "Hex High Entropy String",
        "filename": "src/dnadesign/studies/units/stress_ethanol_cipro_growth/decision/opal/multistate_response_behavior/evaluation_baseline.yaml",
        "hashed_secret": "5e4584b4cf4969918439d43c14ca475645f134d9",
        "is_verified": false,
        "line_number": 40
      },
      {
        "type": "Hex High Entropy String",
        "filename": "src/dnadesign/studies/units/stress_ethanol_cipro_growth/decision/opal/multistate_response_behavior/evaluation_baseline.yaml",
        "hashed_secret": "f55dda6ff9e0de7b25b48106da2974ef4b0de9eb",
        "is_verified": false,
        "line_number": 45
      },
      {
        "type": "Hex High Entropy String",
        "filename": "src/dnadesign/studies/units/stress_ethanol_cipro_growth/decision/opal/multistate_response_behavior/evaluation_baseline.yaml",
        "hashed_secret": "db6ca09edf51257ed9296c81f6129658b4344b77",
        "is_verified": false,
        "line_number": 50
      },
      {
        "type": "Hex High Entropy String",
        "filename": "src/dnadesign/studies/units/stress_ethanol_cipro_growth/decision/opal/multistate_response_behavior/evaluation_baseline.yaml",
        "hashed_secret": "0024237d3168ad05b489d5e18de8a9468fdbfbf1",
        "is_verified": false,
        "line_number": 55
      },
      {
        "type": "Hex High Entropy String",
        "filename": "src/dnadesign/studies/units/stress_ethanol_cipro_growth/decision/opal/multistate_response_behavior/evaluation_baseline.yaml",
        "hashed_secret": "7434c32e38823076cfe9a92cc41ec64de45bc617",
        "is_verified": false,
        "line_number": 60
      },
      {
        "type": "Hex High Entropy String",
        "filename": "src/dnadesign/studies/units/stress_ethanol_cipro_growth/decision/opal/multistate_response_behavior/evaluation_baseline.yaml",
        "hashed_secret": "b42fa42a82f813b01454f1b6fedf803206d8e3cf",
        "is_verified": false,
        "line_number": 65
      },
      {
        "type": "Hex High Entropy String",
        "filename": "src/dnadesign/studies/units/stress_ethanol_cipro_growth/decision/opal/multistate_response_behavior/evaluation_baseline.yaml",
        "hashed_secret": "b04d5f2d897f9a672631b4c4230b975b2459175f",
        "is_verified": false,
        "line_number": 70
      },
      {
        "type": "Hex High Entropy String",
        "filename": "src/dnadesign/studies/units/stress_ethanol_cipro_growth/decision/opal/multistate_response_behavior/evaluation_baseline.yaml",
        "hashed_secret": "fd7997dae570dd04193feb6142545b6cd1c879f7",
        "is_verified": false,
        "line_number": 75
      },
      {
        "type": "Hex High Entropy String",
        "filename": "src/dnadesign/studies/units/stress_ethanol_cipro_growth/decision/opal/multistate_response_behavior/evaluation_baseline.yaml",
        "hashed_secret": "a0922371a20aee615dcd3c1d2e245b8197486e6d",
        "is_verified": false,
        "line_number": 80
      },
      {
        "type": "Hex High Entropy String",
        "filename": "src/dnadesign/studies/units/stress_ethanol_cipro_growth/decision/opal/multistate_response_behavior/evaluation_baseline.yaml",
        "hashed_secret": "9a78cb29d80ee9ceea89c20ce351c24c3c547651",
        "is_verified": false,
        "line_number": 85
      },
      {
        "type": "Hex High Entropy String",
        "filename": "src/dnadesign/studies/units/stress_ethanol_cipro_growth/decision/opal/multistate_response_behavior/evaluation_baseline.yaml",
        "hashed_secret": "c0c14c04302524a2f153bc67ff3d125be38b4604",
        "is_verified": false,
        "line_number": 90
      },
      {
        "type": "Hex High Entropy String",
        "filename": "src/dnadesign/studies/units/stress_ethanol_cipro_growth/decision/opal/multistate_response_behavior/evaluation_baseline.yaml",
        "hashed_secret": "4103c798af2d102d3fd37d36c4322af8b29f4ba9",
        "is_verified": false,
        "line_number": 95
      },
      {
        "type": "Hex High Entropy String",
        "filename": "src/dnadesign/studies/units/stress_ethanol_cipro_growth/decision/opal/multistate_response_behavior/evaluation_baseline.yaml",
        "hashed_secret": "52d3c7ebb4e32b7c6d84ab57f79ea952ad1147a5",
        "is_verified": false,
        "line_number": 100
      },
      {
        "type": "Hex High Entropy String",
        "filename": "src/dnadesign/studies/units/stress_ethanol_cipro_growth/decision/opal/multistate_response_behavior/evaluation_baseline.yaml",
        "hashed_secret": "73c3a6781d3f51e299acc3205bb23f5cd1729272",
        "is_verified": false,
        "line_number": 105
      },
      {
        "type": "Hex High Entropy String",
        "filename": "src/dnadesign/studies/units/stress_ethanol_cipro_growth/decision/opal/multistate_response_behavior/evaluation_baseline.yaml",
        "hashed_secret": "b5037f8606438deed86e01e4e70d267e50ac9ede",
        "is_verified": false,
        "line_number": 110
      },
      {
        "type": "Hex High Entropy String",
        "filename": "src/dnadesign/studies/units/stress_ethanol_cipro_growth/decision/opal/multistate_response_behavior/evaluation_baseline.yaml",
        "hashed_secret": "ddadb11435615971f9fb5ff74b8970baf19f6ce5",
        "is_verified": false,
        "line_number": 115
      },
      {
        "type": "Hex High Entropy String",
        "filename": "src/dnadesign/studies/units/stress_ethanol_cipro_growth/decision/opal/multistate_response_behavior/evaluation_baseline.yaml",
        "hashed_secret": "9ea7490b84b1fa5840d9c74980212d8d98268309",
        "is_verified": false,
        "line_number": 120
      },
      {
        "type": "Hex High Entropy String",
        "filename": "src/dnadesign/studies/units/stress_ethanol_cipro_growth/decision/opal/multistate_response_behavior/evaluation_baseline.yaml",
        "hashed_secret": "a41d2f44726cbafa3b74d5cfd0d8d36dcdad62dc",
        "is_verified": false,
        "line_number": 125
      }
    ],
    "src/dnadesign/studies/units/stress_ethanol_cipro_growth/decision/opal/response_metastudy/config/multistate_response_behavior_adversarial_audit_v1.json": [
      {
        "type": "Hex High Entropy String",
        "filename": "src/dnadesign/studies/units/stress_ethanol_cipro_growth/decision/opal/response_metastudy/config/multistate_response_behavior_adversarial_audit_v1.json",
        "hashed_secret": "51e99fbf808bb0d9d5a253d64ac46d42d6a27d70",
        "is_verified": false,
        "line_number": 15
      }
    ],
    "src/dnadesign/studies/units/stress_ethanol_cipro_growth/response_window_observations/config/evidence/repeat_adjudication_4_8h_v1.json": [
      {
        "type": "Hex High Entropy String",
        "filename": "src/dnadesign/studies/units/stress_ethanol_cipro_growth/response_window_observations/config/evidence/repeat_adjudication_4_8h_v1.json",
        "hashed_secret": "e1c9352cd84a88782062a2184331fbc412ffb078",
        "is_verified": false,
        "line_number": 293
      }
    ],
    "src/dnadesign/usr/assets/demo_material/demo_attachment_one.csv": [
      {
        "type": "AWS Access Key",
        "filename": "src/dnadesign/usr/assets/demo_material/demo_attachment_one.csv",
        "hashed_secret": "cb8e15b0bf6182c17b0dc735aaa65d81b7ef35bc",
        "is_verified": false,
        "line_number": 2
      }
    ],
    "src/dnadesign/usr/assets/demo_material/demo_attachment_two.csv": [
      {
        "type": "AWS Access Key",
        "filename": "src/dnadesign/usr/assets/demo_material/demo_attachment_two.csv",
        "hashed_secret": "cb8e15b0bf6182c17b0dc735aaa65d81b7ef35bc",
        "is_verified": false,
        "line_number": 2
      }
    ],
    "src/dnadesign/usr/assets/demo_material/demo_sequences.csv": [
      {
        "type": "AWS Access Key",
        "filename": "src/dnadesign/usr/assets/demo_material/demo_sequences.csv",
        "hashed_secret": "cb8e15b0bf6182c17b0dc735aaa65d81b7ef35bc",
        "is_verified": false,
        "line_number": 2
      }
    ]
  },
  "generated_at": "2026-07-21T02:30:01Z"
}
