{
  "version": "1.5.0",
  "plugins_used": [
    {
      "name": "ArtifactoryDetector"
    },
    {
      "name": "AWSKeyDetector"
    },
    {
      "name": "AzureStorageKeyDetector"
    },
    {
      "name": "Base64HighEntropyString",
      "limit": 4.5
    },
    {
      "name": "BasicAuthDetector"
    },
    {
      "name": "CloudantDetector"
    },
    {
      "name": "DiscordBotTokenDetector"
    },
    {
      "name": "GitHubTokenDetector"
    },
    {
      "name": "GitLabTokenDetector"
    },
    {
      "name": "HexHighEntropyString",
      "limit": 3.0
    },
    {
      "name": "IbmCloudIamDetector"
    },
    {
      "name": "IbmCosHmacDetector"
    },
    {
      "name": "IPPublicDetector"
    },
    {
      "name": "JwtTokenDetector"
    },
    {
      "name": "KeywordDetector",
      "keyword_exclude": ""
    },
    {
      "name": "MailchimpDetector"
    },
    {
      "name": "NpmDetector"
    },
    {
      "name": "OpenAIDetector"
    },
    {
      "name": "PrivateKeyDetector"
    },
    {
      "name": "PypiTokenDetector"
    },
    {
      "name": "SendGridDetector"
    },
    {
      "name": "SlackDetector"
    },
    {
      "name": "SoftlayerDetector"
    },
    {
      "name": "SquareOAuthDetector"
    },
    {
      "name": "StripeDetector"
    },
    {
      "name": "TelegramBotTokenDetector"
    },
    {
      "name": "TwilioKeyDetector"
    }
  ],
  "filters_used": [
    {
      "path": "detect_secrets.filters.allowlist.is_line_allowlisted"
    },
    {
      "path": "detect_secrets.filters.common.is_baseline_file",
      "filename": ".secrets.baseline"
    },
    {
      "path": "detect_secrets.filters.common.is_ignored_due_to_verification_policies",
      "min_level": 2
    },
    {
      "path": "detect_secrets.filters.heuristic.is_indirect_reference"
    },
    {
      "path": "detect_secrets.filters.heuristic.is_likely_id_string"
    },
    {
      "path": "detect_secrets.filters.heuristic.is_lock_file"
    },
    {
      "path": "detect_secrets.filters.heuristic.is_not_alphanumeric_string"
    },
    {
      "path": "detect_secrets.filters.heuristic.is_potential_uuid"
    },
    {
      "path": "detect_secrets.filters.heuristic.is_prefixed_with_dollar_sign"
    },
    {
      "path": "detect_secrets.filters.heuristic.is_sequential_string"
    },
    {
      "path": "detect_secrets.filters.heuristic.is_swagger_file"
    },
    {
      "path": "detect_secrets.filters.heuristic.is_templated_secret"
    },
    {
      "path": "detect_secrets.filters.regex.should_exclude_file",
      "pattern": [
        "(?x)^(\n  \\\\.secrets\\\\.baseline$|\n  \\\\.venv/|\n  \\\\.pixi/|\n  \\\\.cruncher/|\n  \\\\.tmp/|\n  dist/|\n  build/|\n  src/dnadesign/archived/|\n  src/dnadesign/prototypes/|\n  src/dnadesign/usr/datasets/|\n  src/dnadesign/opal/campaigns/.*/outputs/|\n  src/dnadesign/cruncher/workspaces/.*/\\\\.cruncher/|\n  src/dnadesign/cruncher/workspaces/.*/runs/|\n  src/dnadesign/cruncher/workspaces/.*/results/|\n  src/dnadesign/cruncher/workspaces/.*/outputs/|\n  src/dnadesign/densegen/workspaces/.*/inputs/motif_artifacts/\n)"
      ]
    }
  ],
  "results": {
    "src/dnadesign/studies/units/stress_ethanol_cipro_growth/decision/opal/multistate_response_behavior/activation_audit.json": [
      {
        "type": "Hex High Entropy String",
        "filename": "src/dnadesign/studies/units/stress_ethanol_cipro_growth/decision/opal/multistate_response_behavior/activation_audit.json",
        "hashed_secret": "90e4eb1575c528c4e5a2c570d8aa71b784020192",
        "is_verified": false,
        "line_number": 41
      },
      {
        "type": "Hex High Entropy String",
        "filename": "src/dnadesign/studies/units/stress_ethanol_cipro_growth/decision/opal/multistate_response_behavior/activation_audit.json",
        "hashed_secret": "2a075081e2dc35d519efab86470f34e270de3dc9",
        "is_verified": false,
        "line_number": 47
      },
      {
        "type": "Hex High Entropy String",
        "filename": "src/dnadesign/studies/units/stress_ethanol_cipro_growth/decision/opal/multistate_response_behavior/activation_audit.json",
        "hashed_secret": "d10829821149e001a5bc98ccb3735c8c7e42070c",
        "is_verified": false,
        "line_number": 53
      },
      {
        "type": "Hex High Entropy String",
        "filename": "src/dnadesign/studies/units/stress_ethanol_cipro_growth/decision/opal/multistate_response_behavior/activation_audit.json",
        "hashed_secret": "1c4edd08da588b972ca29fe3e39b247386be0e64",
        "is_verified": false,
        "line_number": 59
      },
      {
        "type": "Hex High Entropy String",
        "filename": "src/dnadesign/studies/units/stress_ethanol_cipro_growth/decision/opal/multistate_response_behavior/activation_audit.json",
        "hashed_secret": "4dbea693c67afe68a07da7c8d5c5c1c1550f655a",
        "is_verified": false,
        "line_number": 165
      },
      {
        "type": "Hex High Entropy String",
        "filename": "src/dnadesign/studies/units/stress_ethanol_cipro_growth/decision/opal/multistate_response_behavior/activation_audit.json",
        "hashed_secret": "9db9211106abb7659d0628db0ad6a00efbabcaee",
        "is_verified": false,
        "line_number": 170
      },
      {
        "type": "Hex High Entropy String",
        "filename": "src/dnadesign/studies/units/stress_ethanol_cipro_growth/decision/opal/multistate_response_behavior/activation_audit.json",
        "hashed_secret": "57e65f909bb7487d92724961a373084fa386fc18",
        "is_verified": false,
        "line_number": 175
      },
      {
        "type": "Hex High Entropy String",
        "filename": "src/dnadesign/studies/units/stress_ethanol_cipro_growth/decision/opal/multistate_response_behavior/activation_audit.json",
        "hashed_secret": "bf9954ceafa49295e559da5c5776db200fc91e0e",
        "is_verified": false,
        "line_number": 180
      },
      {
        "type": "Hex High Entropy String",
        "filename": "src/dnadesign/studies/units/stress_ethanol_cipro_growth/decision/opal/multistate_response_behavior/activation_audit.json",
        "hashed_secret": "25cc09827fc6a5ead75b122c01563364bdac070e",
        "is_verified": false,
        "line_number": 185
      },
      {
        "type": "Hex High Entropy String",
        "filename": "src/dnadesign/studies/units/stress_ethanol_cipro_growth/decision/opal/multistate_response_behavior/activation_audit.json",
        "hashed_secret": "365af320c60ab4e4d171f10d231f763b8abc6bce",
        "is_verified": false,
        "line_number": 190
      },
      {
        "type": "Hex High Entropy String",
        "filename": "src/dnadesign/studies/units/stress_ethanol_cipro_growth/decision/opal/multistate_response_behavior/activation_audit.json",
        "hashed_secret": "926cd9bb1db8faada0e5e39d9bc8ddb2acac3645",
        "is_verified": false,
        "line_number": 195
      },
      {
        "type": "Hex High Entropy String",
        "filename": "src/dnadesign/studies/units/stress_ethanol_cipro_growth/decision/opal/multistate_response_behavior/activation_audit.json",
        "hashed_secret": "d5becb8ca2b14c40343aac3d66590f76a99f7961",
        "is_verified": false,
        "line_number": 200
      },
      {
        "type": "Hex High Entropy String",
        "filename": "src/dnadesign/studies/units/stress_ethanol_cipro_growth/decision/opal/multistate_response_behavior/activation_audit.json",
        "hashed_secret": "a53be94b5d27f6febc02e366faff7153d2291a69",
        "is_verified": false,
        "line_number": 205
      },
      {
        "type": "Hex High Entropy String",
        "filename": "src/dnadesign/studies/units/stress_ethanol_cipro_growth/decision/opal/multistate_response_behavior/activation_audit.json",
        "hashed_secret": "46a86a25a596c235f910f36c68fde7a31d17a80c",
        "is_verified": false,
        "line_number": 210
      },
      {
        "type": "Hex High Entropy String",
        "filename": "src/dnadesign/studies/units/stress_ethanol_cipro_growth/decision/opal/multistate_response_behavior/activation_audit.json",
        "hashed_secret": "62d52b19677dafd8e5c10ca469cde09dd07968bf",
        "is_verified": false,
        "line_number": 215
      },
      {
        "type": "Hex High Entropy String",
        "filename": "src/dnadesign/studies/units/stress_ethanol_cipro_growth/decision/opal/multistate_response_behavior/activation_audit.json",
        "hashed_secret": "610a2a24c13e6b917da8887eba18e516b9d6325b",
        "is_verified": false,
        "line_number": 220
      },
      {
        "type": "Hex High Entropy String",
        "filename": "src/dnadesign/studies/units/stress_ethanol_cipro_growth/decision/opal/multistate_response_behavior/activation_audit.json",
        "hashed_secret": "5cbb8e0871da206b59f32efeff5f57a4dbf89543",
        "is_verified": false,
        "line_number": 225
      }
    ],
    "src/dnadesign/studies/units/stress_ethanol_cipro_growth/decision/opal/response_metastudy/config/multistate_response_behavior_adversarial_audit_v1.json": [
      {
        "type": "Hex High Entropy String",
        "filename": "src/dnadesign/studies/units/stress_ethanol_cipro_growth/decision/opal/response_metastudy/config/multistate_response_behavior_adversarial_audit_v1.json",
        "hashed_secret": "aa435bde7a38593b4a466c25f796480f1b86df9a",
        "is_verified": false,
        "line_number": 16
      }
    ],
    "src/dnadesign/studies/units/stress_ethanol_cipro_growth/response_window_observations/config/evidence/repeat_adjudication_4_8h_v1.json": [
      {
        "type": "Hex High Entropy String",
        "filename": "src/dnadesign/studies/units/stress_ethanol_cipro_growth/response_window_observations/config/evidence/repeat_adjudication_4_8h_v1.json",
        "hashed_secret": "e1c9352cd84a88782062a2184331fbc412ffb078",
        "is_verified": false,
        "line_number": 293
      }
    ],
    "src/dnadesign/usr/assets/demo_material/demo_attachment_one.csv": [
      {
        "type": "AWS Access Key",
        "filename": "src/dnadesign/usr/assets/demo_material/demo_attachment_one.csv",
        "hashed_secret": "cb8e15b0bf6182c17b0dc735aaa65d81b7ef35bc",
        "is_verified": false,
        "line_number": 2
      }
    ],
    "src/dnadesign/usr/assets/demo_material/demo_attachment_two.csv": [
      {
        "type": "AWS Access Key",
        "filename": "src/dnadesign/usr/assets/demo_material/demo_attachment_two.csv",
        "hashed_secret": "cb8e15b0bf6182c17b0dc735aaa65d81b7ef35bc",
        "is_verified": false,
        "line_number": 2
      }
    ],
    "src/dnadesign/usr/assets/demo_material/demo_sequences.csv": [
      {
        "type": "AWS Access Key",
        "filename": "src/dnadesign/usr/assets/demo_material/demo_sequences.csv",
        "hashed_secret": "cb8e15b0bf6182c17b0dc735aaa65d81b7ef35bc",
        "is_verified": false,
        "line_number": 2
      }
    ]
  },
  "generated_at": "2026-07-18T19:41:38Z"
}
